RAM Allocation [bytes]
Variable                                                                          Address   Size
------------------------------------------------------------------------------------------------
dial                                                                              0x0260       2
prev_dial                                                                         0x0262       2
combo                                                                             0x0264       6
combo_state                                                                       0x026A       1
prog_state                                                                        0x026B       1
candidate                                                                         0x026C       6
digit                                                                             0x0272       1

EEPROM Allocation [bytes]
Variable                                                                          Address   Size
------------------------------------------------------------------------------------------------
eeprom_locked                                                                     0x0000       1
eeprom_dial                                                                       0x0001       2
eeprom_combo                                                                      0x0003       6

Register Allocation
Variable                                                                          Register  Size
------------------------------------------------------------------------------------------------
locked                                                                            R5           1
screensaver_timeout                                                               R6,R7        2
motion_direction                                                                  R8,R9        2

FLASH Allocation [words]
Function                                                                          Address   Size
------------------------------------------------------------------------------------------------
LED_segment                                                                       0x0004A     18
LED_blink                                                                         0x0005C     25
ext_int0_isr                                                                      0x00075     10
ext_int1_isr                                                                      0x0007F     15
ext_int2_isr                                                                      0x0008E    101
timer1_ovf_isr                                                                    0x000F3     70
main                                                                              0x00139    378
sleep_enable                                                                      0x002B3      4
